:config/PageReading	0
FormattingRules	0
FrontPage	0
Help	0
InterWiki	0
InterWikiName	0
InterWikiSandBox	0
PukiWiki/1.4/Manual/Plugin	0
PukiWiki/1.4/Manual/Plugin/A-D	0
PukiWiki/1.4/Manual/Plugin/E-G	0
PukiWiki/1.4/Manual/Plugin/H-K	0
PukiWiki/1.4/Manual/Plugin/L-N	0
PukiWiki/1.4/Manual/Plugin/O-R	0
PukiWiki/1.4/Manual/Plugin/S-U	0
PukiWiki/1.4/Manual/Plugin/V-Z	0
YukiWiki	0
